Copyright 1986-2020 Xilinx, Inc. All Rights Reserved.
-------------------------------------------------------------------------------------
| Tool Version : Vivado v.2020.1 (win64) Build 2902540 Wed May 27 19:54:49 MDT 2020
| Date         : Wed Oct 15 20:59:26 2025
| Host         : DESKTOP-A8M6AM2 running 64-bit major release  (build 9200)
| Command      : report_control_sets -verbose -file OLED_TOP_control_sets_placed.rpt
| Design       : OLED_TOP
| Device       : xc7k325t
-------------------------------------------------------------------------------------

Control Set Information

Table of Contents
-----------------
1. Summary
2. Histogram
3. Flip-Flop Distribution
4. Detailed Control Set Information

1. Summary
----------

+----------------------------------------------------------+-------+
|                          Status                          | Count |
+----------------------------------------------------------+-------+
| Total control sets                                       |    11 |
|    Minimum number of control sets                        |    11 |
|    Addition due to synthesis replication                 |     0 |
|    Addition due to physical synthesis replication        |     0 |
| Unused register locations in slices containing registers |    21 |
+----------------------------------------------------------+-------+
* Control sets can be merged at opt_design using control_set_merge or merge_equivalent_drivers
** Run report_qor_suggestions for automated merging and remapping suggestions


2. Histogram
------------

+--------------------+-------+
|       Fanout       | Count |
+--------------------+-------+
| Total control sets |    11 |
| >= 0 to < 4        |     0 |
| >= 4 to < 6        |     3 |
| >= 6 to < 8        |     0 |
| >= 8 to < 10       |     5 |
| >= 10 to < 12      |     1 |
| >= 12 to < 14      |     0 |
| >= 14 to < 16      |     0 |
| >= 16              |     2 |
+--------------------+-------+
* Control sets can be remapped at either synth_design or opt_design


3. Flip-Flop Distribution
-------------------------

+--------------+-----------------------+------------------------+-----------------+--------------+
| Clock Enable | Synchronous Set/Reset | Asynchronous Set/Reset | Total Registers | Total Slices |
+--------------+-----------------------+------------------------+-----------------+--------------+
| No           | No                    | No                     |              11 |            2 |
| No           | No                    | Yes                    |              51 |           17 |
| No           | Yes                   | No                     |               0 |            0 |
| Yes          | No                    | No                     |               0 |            0 |
| Yes          | No                    | Yes                    |              77 |           22 |
| Yes          | Yes                   | No                     |               0 |            0 |
+--------------+-----------------------+------------------------+-----------------+--------------+


4. Detailed Control Set Information
-----------------------------------

+--------------------+-------------------------------------------------------+-----------------------------+------------------+----------------+--------------+
|    Clock Signal    |                     Enable Signal                     |       Set/Reset Signal      | Slice Load Count | Bel Load Count | Bels / Slice |
+--------------------+-------------------------------------------------------+-----------------------------+------------------+----------------+--------------+
|  sys_clk_IBUF_BUFG | OLED_initial_inst/FSM_sequential_cur_state[3]_i_1_n_0 | OLED_display_inst/sys_rst_n |                1 |              4 |         4.00 |
|  sys_clk_IBUF_BUFG | SPI_driver_new_inst/DATA_cnt                          | OLED_display_inst/sys_rst_n |                1 |              4 |         4.00 |
|  sys_clk_IBUF_BUFG | OLED_clear_inst/E[0]                                  | OLED_display_inst/sys_rst_n |                2 |              5 |         2.50 |
|  sys_clk_IBUF_BUFG | OLED_clear_inst/x_temp[7]_i_1_n_0                     | OLED_display_inst/sys_rst_n |                2 |              8 |         4.00 |
|  sys_clk_IBUF_BUFG | OLED_clear_inst/y_temp                                | OLED_display_inst/sys_rst_n |                2 |              8 |         4.00 |
|  sys_clk_IBUF_BUFG | OLED_display_inst/y_temp0                             | OLED_display_inst/sys_rst_n |                3 |              8 |         2.67 |
|  sys_clk_IBUF_BUFG | OLED_display_inst/x_temp[7]_i_1__0_n_0                | OLED_display_inst/sys_rst_n |                3 |              8 |         2.67 |
|  sys_clk_IBUF_BUFG | SPI_driver_new_inst/data_send_0                       | OLED_display_inst/sys_rst_n |                2 |              8 |         4.00 |
|  sys_clk_IBUF_BUFG |                                                       |                             |                2 |             11 |         5.50 |
|  sys_clk_IBUF_BUFG | rst_cnt                                               | OLED_display_inst/sys_rst_n |                6 |             24 |         4.00 |
|  sys_clk_IBUF_BUFG |                                                       | OLED_display_inst/sys_rst_n |               17 |             51 |         3.00 |
+--------------------+-------------------------------------------------------+-----------------------------+------------------+----------------+--------------+


