Vivado Simulator 2020.1
Copyright 1986-1999, 2001-2020 Xilinx, Inc. All Rights Reserved.
Running: E:/Tools/vivado2020_1/Vivado/2020.1/bin/unwrapped/win64.o/xelab.exe -wto a254cfb6d8494ee9b78d4ffabd3310d5 --incr --debug typical --relax --mt 2 -L blk_mem_gen_v8_4_4 -L xil_defaultlib -L unisims_ver -L unimacro_ver -L secureip -L xpm --snapshot OLED_tb_behav xil_defaultlib.OLED_tb xil_defaultlib.glbl -log elaborate.log 
Using 2 slave threads.
Starting static elaboration
Pass Through NonSizing Optimizer
WARNING: [VRFC 10-3091] actual bit length 12 differs from formal bit length 11 for port 'addra' [E:/Projects/FPGA-playground/my-FPGA-playground/OLED/OLED.srcs/sources_1/new/OLED_display.v:76]
Completed static elaboration
Starting simulation data flow analysis
Completed simulation data flow analysis
Time Resolution for simulation is 1ps
Compiling module xil_defaultlib.OLED_initial
Compiling module xil_defaultlib.SPI_driver_new
Compiling module xil_defaultlib.OLED_clear
Compiling module blk_mem_gen_v8_4_4.blk_mem_gen_v8_4_4_output_stage(...
Compiling module blk_mem_gen_v8_4_4.blk_mem_gen_v8_4_4_softecc_outpu...
Compiling module blk_mem_gen_v8_4_4.blk_mem_gen_v8_4_4_mem_module(C_...
Compiling module blk_mem_gen_v8_4_4.blk_mem_gen_v8_4_4(C_FAMILY="kin...
Compiling module xil_defaultlib.rom_picture
Compiling module xil_defaultlib.OLED_display
Compiling module xil_defaultlib.OLED_TOP
Compiling module xil_defaultlib.OLED_tb
Compiling module xil_defaultlib.glbl
Built simulation snapshot OLED_tb_behav
