INFO: [VRFC 10-2263] Analyzing Verilog file "E:/Projects/FPGA-playground/my-FPGA-playground/OLED/OLED.srcs/sources_1/ip/rom_picture/sim/rom_picture.v" into library xil_defaultlib
INFO: [VRFC 10-311] analyzing module rom_picture
INFO: [VRFC 10-2263] Analyzing Verilog file "E:/Projects/FPGA-playground/my-FPGA-playground/OLED/OLED.srcs/sources_1/new/OLED_TOP.v" into library xil_defaultlib
INFO: [VRFC 10-311] analyzing module OLED_TOP
INFO: [VRFC 10-2263] Analyzing Verilog file "E:/Projects/FPGA-playground/my-FPGA-playground/OLED/OLED.srcs/sources_1/new/OLED_clear.v" into library xil_defaultlib
INFO: [VRFC 10-311] analyzing module OLED_clear
INFO: [VRFC 10-2263] Analyzing Verilog file "E:/Projects/FPGA-playground/my-FPGA-playground/OLED/OLED.srcs/sources_1/new/OLED_initial.v" into library xil_defaultlib
INFO: [VRFC 10-311] analyzing module OLED_initial
INFO: [VRFC 10-2263] Analyzing Verilog file "E:/Projects/FPGA-playground/my-FPGA-playground/OLED/OLED.srcs/sources_1/new/SPI_driver.v" into library xil_defaultlib
INFO: [VRFC 10-311] analyzing module SPI_driver
INFO: [VRFC 10-2263] Analyzing Verilog file "E:/Projects/FPGA-playground/my-FPGA-playground/OLED/OLED.srcs/sources_1/new/SPI_driver_new.v" into library xil_defaultlib
INFO: [VRFC 10-311] analyzing module SPI_driver_new
INFO: [VRFC 10-2263] Analyzing Verilog file "E:/Projects/FPGA-playground/my-FPGA-playground/OLED/OLED.srcs/sources_1/new/clear_spi.v" into library xil_defaultlib
INFO: [VRFC 10-311] analyzing module clear_spi
INFO: [VRFC 10-2263] Analyzing Verilog file "E:/Projects/FPGA-playground/my-FPGA-playground/OLED/OLED.srcs/sources_1/new/OLED_display.v" into library xil_defaultlib
INFO: [VRFC 10-311] analyzing module OLED_display
INFO: [VRFC 10-2263] Analyzing Verilog file "E:/Projects/FPGA-playground/my-FPGA-playground/OLED/OLED.srcs/sim_1/new/driver_tb.v" into library xil_defaultlib
INFO: [VRFC 10-311] analyzing module driver_tb
INFO: [VRFC 10-2263] Analyzing Verilog file "E:/Projects/FPGA-playground/my-FPGA-playground/OLED/OLED.srcs/sim_1/new/clear_tb.v" into library xil_defaultlib
INFO: [VRFC 10-311] analyzing module clear_tb
INFO: [VRFC 10-2263] Analyzing Verilog file "E:/Projects/FPGA-playground/my-FPGA-playground/OLED/OLED.srcs/sim_1/new/initial_tb.v" into library xil_defaultlib
INFO: [VRFC 10-311] analyzing module initial_tb
INFO: [VRFC 10-2263] Analyzing Verilog file "E:/Projects/FPGA-playground/my-FPGA-playground/OLED/OLED.srcs/sim_1/new/OLED_tb.v" into library xil_defaultlib
INFO: [VRFC 10-311] analyzing module OLED_tb
INFO: [VRFC 10-2263] Analyzing Verilog file "E:/Projects/FPGA-playground/my-FPGA-playground/OLED/OLED.srcs/sim_1/new/new_tb.v" into library xil_defaultlib
INFO: [VRFC 10-311] analyzing module new_tb
INFO: [VRFC 10-2263] Analyzing Verilog file "E:/Projects/FPGA-playground/my-FPGA-playground/OLED/OLED.srcs/sim_1/new/rom_tb.v" into library xil_defaultlib
INFO: [VRFC 10-311] analyzing module rom_tb
INFO: [VRFC 10-2263] Analyzing Verilog file "E:/Projects/FPGA-playground/my-FPGA-playground/OLED/OLED.sim/sim_1/behav/xsim/glbl.v" into library xil_defaultlib
INFO: [VRFC 10-311] analyzing module glbl
