
*** Running vivado
    with args -log OLED_TOP.vds -m64 -product Vivado -mode batch -messageDb vivado.pb -notrace -source OLED_TOP.tcl



****** Vivado v2020.1 (64-bit)
  **** SW Build 2902540 on Wed May 27 19:54:49 MDT 2020
  **** IP Build 2902112 on Wed May 27 22:43:36 MDT 2020
    ** Copyright 1986-2020 Xilinx, Inc. All Rights Reserved.

source OLED_TOP.tcl -notrace
Command: synth_design -top OLED_TOP -part xc7k325tffg676-2
Starting synth_design
Attempting to get a license for feature 'Synthesis' and/or device 'xc7k325t'
INFO: [Common 17-349] Got license for feature 'Synthesis' and/or device 'xc7k325t'
INFO: [Device 21-403] Loading part xc7k325tffg676-2
INFO: [Synth 8-7079] Multithreading enabled for synth_design using a maximum of 2 processes.
INFO: [Synth 8-7078] Launching helper process for spawning children vivado processes
INFO: [Synth 8-7075] Helper process launched with PID 21900
---------------------------------------------------------------------------------
Starting RTL Elaboration : Time (s): cpu = 00:00:02 ; elapsed = 00:00:02 . Memory (MB): peak = 1094.727 ; gain = 13.910
---------------------------------------------------------------------------------
INFO: [Synth 8-6157] synthesizing module 'OLED_TOP' [E:/Projects/Kintex7_Project/OLED/OLED.srcs/sources_1/new/OLED_TOP.v:23]
	Parameter RESET bound to: 3'b000 
	Parameter INITIAL bound to: 3'b001 
	Parameter CLEAR bound to: 3'b010 
	Parameter DISPLAY bound to: 3'b011 
	Parameter IDLE bound to: 3'b100 
	Parameter rst_cnt_num bound to: 5000000 - type: integer 
INFO: [Synth 8-6157] synthesizing module 'OLED_initial' [E:/Projects/Kintex7_Project/OLED/OLED.srcs/sources_1/new/OLED_initial.v:23]
	Parameter Display_on bound to: 8'b10101111 
	Parameter Display_off bound to: 8'b10101110 
	Parameter Set_display_clk_0 bound to: 8'b11010101 
	Parameter Set_display_clk_1 bound to: 8'b10000000 
	Parameter Set_charge_pump_0 bound to: 8'b10001101 
	Parameter Set_charge_pump_1 bound to: 8'b00010100 
	Parameter Set_contrast_0 bound to: 8'b10000001 
	Parameter Set_contrast_1 bound to: 8'b11001111 
	Parameter Set_precharge_0 bound to: 8'b11011001 
	Parameter Set_precharge_1 bound to: 8'b11110001 
	Parameter Set_normal bound to: 8'b10100110 
	Parameter Set_inverse bound to: 8'b10100111 
	Parameter IDLE bound to: 5'b00000 
	Parameter S0 bound to: 5'b00001 
	Parameter S1 bound to: 5'b00010 
	Parameter S2 bound to: 5'b00011 
	Parameter S3 bound to: 5'b00100 
	Parameter S4 bound to: 5'b00101 
	Parameter S5 bound to: 5'b00110 
	Parameter S6 bound to: 5'b00111 
	Parameter S7 bound to: 5'b01000 
	Parameter S8 bound to: 5'b01001 
	Parameter S9 bound to: 5'b01010 
	Parameter S10 bound to: 5'b01011 
	Parameter S11 bound to: 5'b01100 
	Parameter INITIAL_END bound to: 5'b01101 
INFO: [Synth 8-6155] done synthesizing module 'OLED_initial' (1#1) [E:/Projects/Kintex7_Project/OLED/OLED.srcs/sources_1/new/OLED_initial.v:23]
INFO: [Synth 8-6157] synthesizing module 'SPI_driver_new' [E:/Projects/Kintex7_Project/OLED/OLED.srcs/sources_1/new/SPI_driver_new.v:1]
	Parameter IDLE bound to: 2'b00 
	Parameter WAIT bound to: 2'b01 
	Parameter READ bound to: 2'b10 
	Parameter SEND bound to: 2'b11 
INFO: [Synth 8-226] default block is never used [E:/Projects/Kintex7_Project/OLED/OLED.srcs/sources_1/new/SPI_driver_new.v:58]
INFO: [Synth 8-226] default block is never used [E:/Projects/Kintex7_Project/OLED/OLED.srcs/sources_1/new/SPI_driver_new.v:171]
INFO: [Synth 8-226] default block is never used [E:/Projects/Kintex7_Project/OLED/OLED.srcs/sources_1/new/SPI_driver_new.v:212]
INFO: [Synth 8-6155] done synthesizing module 'SPI_driver_new' (2#1) [E:/Projects/Kintex7_Project/OLED/OLED.srcs/sources_1/new/SPI_driver_new.v:1]
INFO: [Synth 8-6157] synthesizing module 'OLED_clear' [E:/Projects/Kintex7_Project/OLED/OLED.srcs/sources_1/new/OLED_clear.v:23]
	Parameter S0 bound to: 3'b000 
	Parameter S1 bound to: 3'b001 
	Parameter S2 bound to: 3'b010 
	Parameter S3 bound to: 3'b011 
	Parameter S4 bound to: 3'b100 
	Parameter S5 bound to: 3'b101 
	Parameter S6 bound to: 3'b110 
INFO: [Synth 8-6155] done synthesizing module 'OLED_clear' (3#1) [E:/Projects/Kintex7_Project/OLED/OLED.srcs/sources_1/new/OLED_clear.v:23]
INFO: [Synth 8-6157] synthesizing module 'OLED_display' [E:/Projects/Kintex7_Project/OLED/OLED.srcs/sources_1/new/OLED_display.v:23]
	Parameter S0 bound to: 3'b000 
	Parameter S1 bound to: 3'b001 
	Parameter S2 bound to: 3'b010 
	Parameter S3 bound to: 3'b011 
	Parameter S4 bound to: 3'b100 
	Parameter S5 bound to: 3'b101 
	Parameter S6 bound to: 3'b110 
INFO: [Synth 8-6157] synthesizing module 'rom_picture' [E:/Projects/Kintex7_Project/OLED/OLED.runs/synth_1/.Xil/Vivado-32904-DESKTOP-A8M6AM2/realtime/rom_picture_stub.v:6]
INFO: [Synth 8-6155] done synthesizing module 'rom_picture' (4#1) [E:/Projects/Kintex7_Project/OLED/OLED.runs/synth_1/.Xil/Vivado-32904-DESKTOP-A8M6AM2/realtime/rom_picture_stub.v:6]
WARNING: [Synth 8-689] width (12) of port connection 'addra' does not match port width (11) of module 'rom_picture' [E:/Projects/Kintex7_Project/OLED/OLED.srcs/sources_1/new/OLED_display.v:76]
INFO: [Synth 8-6155] done synthesizing module 'OLED_display' (5#1) [E:/Projects/Kintex7_Project/OLED/OLED.srcs/sources_1/new/OLED_display.v:23]
INFO: [Synth 8-6155] done synthesizing module 'OLED_TOP' (6#1) [E:/Projects/Kintex7_Project/OLED/OLED.srcs/sources_1/new/OLED_TOP.v:23]
---------------------------------------------------------------------------------
Finished RTL Elaboration : Time (s): cpu = 00:00:02 ; elapsed = 00:00:03 . Memory (MB): peak = 1151.008 ; gain = 70.191
---------------------------------------------------------------------------------
---------------------------------------------------------------------------------
Start Handling Custom Attributes
---------------------------------------------------------------------------------
---------------------------------------------------------------------------------
Finished Handling Custom Attributes : Time (s): cpu = 00:00:03 ; elapsed = 00:00:03 . Memory (MB): peak = 1151.008 ; gain = 70.191
---------------------------------------------------------------------------------
---------------------------------------------------------------------------------
Finished RTL Optimization Phase 1 : Time (s): cpu = 00:00:03 ; elapsed = 00:00:03 . Memory (MB): peak = 1151.008 ; gain = 70.191
---------------------------------------------------------------------------------
Netlist sorting complete. Time (s): cpu = 00:00:00 ; elapsed = 00:00:00.002 . Memory (MB): peak = 1151.008 ; gain = 0.000
INFO: [Project 1-570] Preparing netlist for logic optimization

Processing XDC Constraints
Initializing timing engine
Parsing XDC File [e:/Projects/Kintex7_Project/OLED/OLED.srcs/sources_1/ip/rom_picture/rom_picture/rom_picture_in_context.xdc] for cell 'OLED_display_inst/rom_picture_inst'
Finished Parsing XDC File [e:/Projects/Kintex7_Project/OLED/OLED.srcs/sources_1/ip/rom_picture/rom_picture/rom_picture_in_context.xdc] for cell 'OLED_display_inst/rom_picture_inst'
Parsing XDC File [E:/Projects/Kintex7_Project/OLED/OLED.srcs/constrs_1/new/OLED.xdc]
Finished Parsing XDC File [E:/Projects/Kintex7_Project/OLED/OLED.srcs/constrs_1/new/OLED.xdc]
INFO: [Project 1-236] Implementation specific constraints were found while reading constraint file [E:/Projects/Kintex7_Project/OLED/OLED.srcs/constrs_1/new/OLED.xdc]. These constraints will be ignored for synthesis but will be used in implementation. Impacted constraints are listed in the file [.Xil/OLED_TOP_propImpl.xdc].
Resolution: To avoid this warning, move constraints listed in [.Xil/OLED_TOP_propImpl.xdc] to another XDC file and exclude this new file from synthesis with the used_in_synthesis property (File Properties dialog in GUI) and re-run elaboration/synthesis.
Completed Processing XDC Constraints

Netlist sorting complete. Time (s): cpu = 00:00:00 ; elapsed = 00:00:00 . Memory (MB): peak = 1277.938 ; gain = 0.000
INFO: [Project 1-111] Unisim Transformation Summary:
No Unisim elements were transformed.

Constraint Validation Runtime : Time (s): cpu = 00:00:00 ; elapsed = 00:00:00.002 . Memory (MB): peak = 1277.938 ; gain = 0.000
---------------------------------------------------------------------------------
Finished Constraint Validation : Time (s): cpu = 00:00:06 ; elapsed = 00:00:06 . Memory (MB): peak = 1277.938 ; gain = 197.121
---------------------------------------------------------------------------------
---------------------------------------------------------------------------------
Start Loading Part and Timing Information
---------------------------------------------------------------------------------
Loading part: xc7k325tffg676-2
---------------------------------------------------------------------------------
Finished Loading Part and Timing Information : Time (s): cpu = 00:00:06 ; elapsed = 00:00:06 . Memory (MB): peak = 1277.938 ; gain = 197.121
---------------------------------------------------------------------------------
---------------------------------------------------------------------------------
Start Applying 'set_property' XDC Constraints
---------------------------------------------------------------------------------
Applied set_property DONT_TOUCH = true for OLED_display_inst/rom_picture_inst. (constraint file  auto generated constraint, line ).
---------------------------------------------------------------------------------
Finished applying 'set_property' XDC Constraints : Time (s): cpu = 00:00:06 ; elapsed = 00:00:06 . Memory (MB): peak = 1277.938 ; gain = 197.121
---------------------------------------------------------------------------------
INFO: [Synth 8-802] inferred FSM for state register 'cur_state_reg' in module 'OLED_initial'
INFO: [Synth 8-802] inferred FSM for state register 'cur_state_reg' in module 'SPI_driver_new'
INFO: [Synth 8-802] inferred FSM for state register 'cur_state_reg' in module 'OLED_clear'
INFO: [Synth 8-802] inferred FSM for state register 'cur_state_reg' in module 'OLED_TOP'
---------------------------------------------------------------------------------------------------
                   State |                     New Encoding |                Previous Encoding 
---------------------------------------------------------------------------------------------------
                    IDLE |                             0000 |                            00000
                      S0 |                             0001 |                            00001
                      S1 |                             0010 |                            00010
                      S2 |                             0011 |                            00011
                      S3 |                             0100 |                            00100
                      S4 |                             0101 |                            00101
                      S5 |                             0110 |                            00110
                      S6 |                             0111 |                            00111
                      S7 |                             1000 |                            01000
                      S8 |                             1001 |                            01001
                      S9 |                             1010 |                            01010
                     S10 |                             1011 |                            01011
                     S11 |                             1100 |                            01100
             INITIAL_END |                             1101 |                            01101
---------------------------------------------------------------------------------------------------
INFO: [Synth 8-3354] encoded FSM with state register 'cur_state_reg' using encoding 'sequential' in module 'OLED_initial'
---------------------------------------------------------------------------------------------------
                   State |                     New Encoding |                Previous Encoding 
---------------------------------------------------------------------------------------------------
                    IDLE |                               00 |                               00
                    WAIT |                               01 |                               01
                    READ |                               10 |                               10
                    SEND |                               11 |                               11
---------------------------------------------------------------------------------------------------
INFO: [Synth 8-3354] encoded FSM with state register 'cur_state_reg' using encoding 'sequential' in module 'SPI_driver_new'
---------------------------------------------------------------------------------------------------
                   State |                     New Encoding |                Previous Encoding 
---------------------------------------------------------------------------------------------------
                      S0 |                              000 |                              000
                      S1 |                              001 |                              001
                      S2 |                              010 |                              010
                      S3 |                              011 |                              011
                      S4 |                              100 |                              100
                      S5 |                              101 |                              101
                      S6 |                              110 |                              110
---------------------------------------------------------------------------------------------------
INFO: [Synth 8-3354] encoded FSM with state register 'cur_state_reg' using encoding 'sequential' in module 'OLED_clear'
---------------------------------------------------------------------------------------------------
                   State |                     New Encoding |                Previous Encoding 
---------------------------------------------------------------------------------------------------
                   RESET |                            00001 |                              000
                 INITIAL |                            00010 |                              001
                   CLEAR |                            00100 |                              010
                 DISPLAY |                            01000 |                              011
                    IDLE |                            10000 |                              100
---------------------------------------------------------------------------------------------------
INFO: [Synth 8-3354] encoded FSM with state register 'cur_state_reg' using encoding 'one-hot' in module 'OLED_TOP'
---------------------------------------------------------------------------------
Finished RTL Optimization Phase 2 : Time (s): cpu = 00:00:06 ; elapsed = 00:00:06 . Memory (MB): peak = 1277.938 ; gain = 197.121
---------------------------------------------------------------------------------
---------------------------------------------------------------------------------
Start RTL Component Statistics 
---------------------------------------------------------------------------------
Detailed RTL Component Info : 
+---Adders : 
	   2 Input    8 Bit       Adders := 4     
	   2 Input    4 Bit       Adders := 1     
	   2 Input    1 Bit       Adders := 1     
+---Registers : 
	                8 Bit    Registers := 9     
	                4 Bit    Registers := 1     
	                3 Bit    Registers := 1     
	                1 Bit    Registers := 23    
+---Muxes : 
	  14 Input    8 Bit        Muxes := 1     
	   4 Input    8 Bit        Muxes := 1     
	   2 Input    8 Bit        Muxes := 2     
	   3 Input    8 Bit        Muxes := 4     
	   5 Input    8 Bit        Muxes := 2     
	   5 Input    5 Bit        Muxes := 1     
	  14 Input    4 Bit        Muxes := 1     
	   4 Input    4 Bit        Muxes := 1     
	   7 Input    3 Bit        Muxes := 1     
	   2 Input    3 Bit        Muxes := 2     
	   9 Input    3 Bit        Muxes := 1     
	   4 Input    2 Bit        Muxes := 1     
	   2 Input    2 Bit        Muxes := 1     
	  14 Input    1 Bit        Muxes := 5     
	   2 Input    1 Bit        Muxes := 5     
	   4 Input    1 Bit        Muxes := 9     
	   3 Input    1 Bit        Muxes := 3     
	   7 Input    1 Bit        Muxes := 1     
	   5 Input    1 Bit        Muxes := 15    
	   8 Input    1 Bit        Muxes := 1     
---------------------------------------------------------------------------------
Finished RTL Component Statistics 
---------------------------------------------------------------------------------
---------------------------------------------------------------------------------
Start Part Resource Summary
---------------------------------------------------------------------------------
Part Resources:
DSPs: 840 (col length:140)
BRAMs: 890 (col length: RAMB18 140 RAMB36 70)
---------------------------------------------------------------------------------
Finished Part Resource Summary
---------------------------------------------------------------------------------
---------------------------------------------------------------------------------
Start Cross Boundary and Area Optimization
---------------------------------------------------------------------------------
---------------------------------------------------------------------------------
Finished Cross Boundary and Area Optimization : Time (s): cpu = 00:00:07 ; elapsed = 00:00:07 . Memory (MB): peak = 1277.938 ; gain = 197.121
---------------------------------------------------------------------------------
---------------------------------------------------------------------------------
Start Applying XDC Timing Constraints
---------------------------------------------------------------------------------
---------------------------------------------------------------------------------
Finished Applying XDC Timing Constraints : Time (s): cpu = 00:00:11 ; elapsed = 00:00:11 . Memory (MB): peak = 1277.938 ; gain = 197.121
---------------------------------------------------------------------------------
---------------------------------------------------------------------------------
Start Timing Optimization
---------------------------------------------------------------------------------
---------------------------------------------------------------------------------
Finished Timing Optimization : Time (s): cpu = 00:00:11 ; elapsed = 00:00:11 . Memory (MB): peak = 1277.938 ; gain = 197.121
---------------------------------------------------------------------------------
---------------------------------------------------------------------------------
Start Technology Mapping
---------------------------------------------------------------------------------
---------------------------------------------------------------------------------
Finished Technology Mapping : Time (s): cpu = 00:00:11 ; elapsed = 00:00:12 . Memory (MB): peak = 1277.938 ; gain = 197.121
---------------------------------------------------------------------------------
---------------------------------------------------------------------------------
Start IO Insertion
---------------------------------------------------------------------------------
---------------------------------------------------------------------------------
Start Flattening Before IO Insertion
---------------------------------------------------------------------------------
---------------------------------------------------------------------------------
Finished Flattening Before IO Insertion
---------------------------------------------------------------------------------
---------------------------------------------------------------------------------
Start Final Netlist Cleanup
---------------------------------------------------------------------------------
---------------------------------------------------------------------------------
Finished Final Netlist Cleanup
---------------------------------------------------------------------------------
---------------------------------------------------------------------------------
Finished IO Insertion : Time (s): cpu = 00:00:12 ; elapsed = 00:00:13 . Memory (MB): peak = 1277.938 ; gain = 197.121
---------------------------------------------------------------------------------
---------------------------------------------------------------------------------
Start Renaming Generated Instances
---------------------------------------------------------------------------------
---------------------------------------------------------------------------------
Finished Renaming Generated Instances : Time (s): cpu = 00:00:12 ; elapsed = 00:00:13 . Memory (MB): peak = 1277.938 ; gain = 197.121
---------------------------------------------------------------------------------
---------------------------------------------------------------------------------
Start Rebuilding User Hierarchy
---------------------------------------------------------------------------------
---------------------------------------------------------------------------------
Finished Rebuilding User Hierarchy : Time (s): cpu = 00:00:12 ; elapsed = 00:00:13 . Memory (MB): peak = 1277.938 ; gain = 197.121
---------------------------------------------------------------------------------
---------------------------------------------------------------------------------
Start Renaming Generated Ports
---------------------------------------------------------------------------------
---------------------------------------------------------------------------------
Finished Renaming Generated Ports : Time (s): cpu = 00:00:12 ; elapsed = 00:00:13 . Memory (MB): peak = 1277.938 ; gain = 197.121
---------------------------------------------------------------------------------
---------------------------------------------------------------------------------
Start Handling Custom Attributes
---------------------------------------------------------------------------------
---------------------------------------------------------------------------------
Finished Handling Custom Attributes : Time (s): cpu = 00:00:12 ; elapsed = 00:00:13 . Memory (MB): peak = 1277.938 ; gain = 197.121
---------------------------------------------------------------------------------
---------------------------------------------------------------------------------
Start Renaming Generated Nets
---------------------------------------------------------------------------------
---------------------------------------------------------------------------------
Finished Renaming Generated Nets : Time (s): cpu = 00:00:12 ; elapsed = 00:00:13 . Memory (MB): peak = 1277.938 ; gain = 197.121
---------------------------------------------------------------------------------
---------------------------------------------------------------------------------
Start Writing Synthesis Report
---------------------------------------------------------------------------------

Report BlackBoxes: 
+------+--------------+----------+
|      |BlackBox name |Instances |
+------+--------------+----------+
|1     |rom_picture   |         1|
+------+--------------+----------+

Report Cell Usage: 
+------+------------+------+
|      |Cell        |Count |
+------+------------+------+
|1     |rom_picture |     1|
|2     |BUFG        |     1|
|3     |CARRY4      |     8|
|4     |LUT1        |     2|
|5     |LUT2        |     8|
|6     |LUT3        |    29|
|7     |LUT4        |    41|
|8     |LUT5        |    23|
|9     |LUT6        |    45|
|10    |FDCE        |   124|
|11    |FDPE        |     4|
|12    |FDRE        |    11|
|13    |IBUF        |     2|
|14    |OBUF        |     4|
+------+------------+------+
---------------------------------------------------------------------------------
Finished Writing Synthesis Report : Time (s): cpu = 00:00:12 ; elapsed = 00:00:13 . Memory (MB): peak = 1277.938 ; gain = 197.121
---------------------------------------------------------------------------------
Synthesis finished with 0 errors, 0 critical warnings and 0 warnings.
Synthesis Optimization Runtime : Time (s): cpu = 00:00:08 ; elapsed = 00:00:12 . Memory (MB): peak = 1277.938 ; gain = 70.191
Synthesis Optimization Complete : Time (s): cpu = 00:00:12 ; elapsed = 00:00:13 . Memory (MB): peak = 1277.938 ; gain = 197.121
INFO: [Project 1-571] Translating synthesized netlist
Netlist sorting complete. Time (s): cpu = 00:00:00 ; elapsed = 00:00:00.001 . Memory (MB): peak = 1285.844 ; gain = 0.000
INFO: [Netlist 29-17] Analyzing 8 Unisim elements for replacement
INFO: [Netlist 29-28] Unisim Transformation completed in 0 CPU seconds
INFO: [Project 1-570] Preparing netlist for logic optimization
INFO: [Opt 31-138] Pushed 0 inverter(s) to 0 load pin(s).
Netlist sorting complete. Time (s): cpu = 00:00:00 ; elapsed = 00:00:00 . Memory (MB): peak = 1287.824 ; gain = 0.000
INFO: [Project 1-111] Unisim Transformation Summary:
No Unisim elements were transformed.

INFO: [Common 17-83] Releasing license: Synthesis
38 Infos, 1 Warnings, 0 Critical Warnings and 0 Errors encountered.
synth_design completed successfully
synth_design: Time (s): cpu = 00:00:16 ; elapsed = 00:00:17 . Memory (MB): peak = 1287.824 ; gain = 207.008
INFO: [Common 17-1381] The checkpoint 'E:/Projects/Kintex7_Project/OLED/OLED.runs/synth_1/OLED_TOP.dcp' has been generated.
INFO: [runtcl-4] Executing : report_utilization -file OLED_TOP_utilization_synth.rpt -pb OLED_TOP_utilization_synth.pb
INFO: [Common 17-206] Exiting Vivado at Wed Oct 15 20:58:09 2025...
